2022-01-24 18:33:32,133:INFO:Connection to the distant ftp server succeed ftp.ubuntu.com:21 as anonymous
2022-01-24 18:33:32,133:INFO:send USER anonymous cmd to ftp.ubuntu.com:21
2022-01-24 18:33:32,152:INFO:send PASS cmd to ftp.ubuntu.com:21
2022-01-24 18:33:32,169:INFO:send PASV cmd to ftp.ubuntu.com:21
2022-01-24 18:33:32,204:INFO:Connection to the distant ftp server succeed 91.189.88.142:37334 as anonymous
2022-01-24 18:33:32,205:INFO:send LIST cmd to ftp.ubuntu.com:21
2022-01-24 18:33:32,205:INFO:Reading from passive socket...
2022-01-24 18:33:32,241:INFO:Parsing data from list files...
2022-01-24 18:33:32,241:INFO:Creating the tree of files...
2022-01-24 18:33:32,242:INFO:send CWD cdimage cmd
2022-01-24 18:33:32,261:INFO:send PASV cmd to ftp.ubuntu.com:21
2022-01-24 18:33:32,298:INFO:Connection to the distant ftp server succeed 91.189.88.142:11496 as anonymous
2022-01-24 18:33:32,299:INFO:send LIST cmd to ftp.ubuntu.com:21
2022-01-24 18:33:32,299:INFO:Reading from passive socket...
2022-01-24 18:33:32,336:INFO:Parsing data from list files...
2022-01-24 18:33:32,336:INFO:send CWD cdicons cmd
2022-01-24 18:33:32,353:INFO:send PASV cmd to ftp.ubuntu.com:21
2022-01-24 18:33:32,389:INFO:Connection to the distant ftp server succeed 91.189.88.142:34454 as anonymous
2022-01-24 18:33:32,390:INFO:send LIST cmd to ftp.ubuntu.com:21
2022-01-24 18:33:32,390:INFO:Reading from passive socket...
2022-01-24 18:33:32,435:INFO:Parsing data from list files...
2022-01-24 18:33:32,435:INFO:send CWD .. cmd
2022-01-24 18:33:32,452:INFO:send CWD daily-canary cmd
2022-01-24 18:33:32,469:INFO:send PASV cmd to ftp.ubuntu.com:21
2022-01-24 18:33:32,505:INFO:Connection to the distant ftp server succeed 91.189.88.142:5466 as anonymous
2022-01-24 18:33:32,506:INFO:send LIST cmd to ftp.ubuntu.com:21
2022-01-24 18:33:32,506:INFO:Reading from passive socket...
2022-01-24 18:33:32,542:INFO:Parsing data from list files...
2022-01-24 18:33:32,542:INFO:send CWD 20220123 cmd
2022-01-24 18:33:32,561:INFO:send PASV cmd to ftp.ubuntu.com:21
2022-01-24 18:33:32,597:INFO:Connection to the distant ftp server succeed 91.189.88.142:17219 as anonymous
2022-01-24 18:33:32,598:INFO:send LIST cmd to ftp.ubuntu.com:21
2022-01-24 18:33:32,598:INFO:Reading from passive socket...
2022-01-24 18:33:32,634:INFO:Parsing data from list files...
2022-01-24 18:33:32,634:INFO:send CWD .. cmd
2022-01-24 18:33:32,652:INFO:send CWD 20220124 cmd
2022-01-24 18:33:32,671:INFO:send PASV cmd to ftp.ubuntu.com:21
2022-01-24 18:33:32,707:INFO:Connection to the distant ftp server succeed 91.189.88.142:53822 as anonymous
2022-01-24 18:33:32,708:INFO:send LIST cmd to ftp.ubuntu.com:21
2022-01-24 18:33:32,709:INFO:Reading from passive socket...
2022-01-24 18:33:32,744:INFO:Parsing data from list files...
2022-01-24 18:33:32,744:INFO:send CWD .. cmd
2022-01-24 18:33:32,762:INFO:send CWD .. cmd
2022-01-24 18:33:32,781:INFO:send CWD daily-live cmd
2022-01-24 18:33:32,798:INFO:send PASV cmd to ftp.ubuntu.com:21
2022-01-24 18:33:32,834:INFO:Connection to the distant ftp server succeed 91.189.88.142:46209 as anonymous
2022-01-24 18:33:32,835:INFO:send LIST cmd to ftp.ubuntu.com:21
2022-01-24 18:33:32,836:INFO:Reading from passive socket...
2022-01-24 18:33:32,871:INFO:Parsing data from list files...
2022-01-24 18:33:32,871:INFO:send CWD 20220122 cmd
2022-01-24 18:33:32,888:INFO:send PASV cmd to ftp.ubuntu.com:21
2022-01-24 18:33:32,926:INFO:Connection to the distant ftp server succeed 91.189.88.142:52036 as anonymous
2022-01-24 18:33:32,927:INFO:send LIST cmd to ftp.ubuntu.com:21
2022-01-24 18:33:32,927:INFO:Reading from passive socket...
2022-01-24 18:33:32,962:INFO:Parsing data from list files...
2022-01-24 18:33:32,962:INFO:send CWD .. cmd
2022-01-24 18:33:32,981:INFO:send CWD 20220123 cmd
2022-01-24 18:33:32,998:INFO:send PASV cmd to ftp.ubuntu.com:21
2022-01-24 18:33:33,034:INFO:Connection to the distant ftp server succeed 91.189.88.142:19296 as anonymous
2022-01-24 18:33:33,036:INFO:send LIST cmd to ftp.ubuntu.com:21
2022-01-24 18:33:33,036:INFO:Reading from passive socket...
2022-01-24 18:33:33,072:INFO:Parsing data from list files...
2022-01-24 18:33:33,072:INFO:send CWD .. cmd
2022-01-24 18:33:33,090:INFO:send CWD 20220124 cmd
2022-01-24 18:33:33,107:INFO:send PASV cmd to ftp.ubuntu.com:21
2022-01-24 18:33:33,143:INFO:Connection to the distant ftp server succeed 91.189.88.142:23788 as anonymous
2022-01-24 18:33:33,145:INFO:send LIST cmd to ftp.ubuntu.com:21
2022-01-24 18:33:33,145:INFO:Reading from passive socket...
2022-01-24 18:33:33,181:INFO:Parsing data from list files...
2022-01-24 18:33:33,181:INFO:send CWD .. cmd
2022-01-24 18:33:33,199:INFO:send CWD .. cmd
2022-01-24 18:33:33,216:INFO:send CWD daily-preinstalled cmd
2022-01-24 18:33:33,234:INFO:send PASV cmd to ftp.ubuntu.com:21
2022-01-24 18:33:33,270:INFO:Connection to the distant ftp server succeed 91.189.88.142:38909 as anonymous
2022-01-24 18:33:33,271:INFO:send LIST cmd to ftp.ubuntu.com:21
2022-01-24 18:33:33,271:INFO:Reading from passive socket...
2022-01-24 18:33:33,307:INFO:Parsing data from list files...
2022-01-24 18:33:33,307:INFO:send CWD 20220123 cmd
2022-01-24 18:33:33,325:INFO:send PASV cmd to ftp.ubuntu.com:21
2022-01-24 18:33:33,361:INFO:Connection to the distant ftp server succeed 91.189.88.142:6429 as anonymous
2022-01-24 18:33:33,362:INFO:send LIST cmd to ftp.ubuntu.com:21
2022-01-24 18:33:33,362:INFO:Reading from passive socket...
2022-01-24 18:33:33,398:INFO:Parsing data from list files...
2022-01-24 18:33:33,398:INFO:send CWD .. cmd
2022-01-24 18:33:33,416:INFO:send CWD 20220124 cmd
2022-01-24 18:33:33,433:INFO:send PASV cmd to ftp.ubuntu.com:21
2022-01-24 18:33:33,468:INFO:Connection to the distant ftp server succeed 91.189.88.142:12394 as anonymous
2022-01-24 18:33:33,469:INFO:send LIST cmd to ftp.ubuntu.com:21
2022-01-24 18:33:33,470:INFO:Reading from passive socket...
2022-01-24 18:33:33,506:INFO:Parsing data from list files...
2022-01-24 18:33:33,506:INFO:send CWD .. cmd
2022-01-24 18:33:33,524:INFO:send CWD .. cmd
2022-01-24 18:33:33,542:INFO:send CWD focal cmd
2022-01-24 18:33:33,560:INFO:send PASV cmd to ftp.ubuntu.com:21
2022-01-24 18:33:33,595:INFO:Connection to the distant ftp server succeed 91.189.88.142:60335 as anonymous
2022-01-24 18:33:33,596:INFO:send LIST cmd to ftp.ubuntu.com:21
2022-01-24 18:33:33,596:INFO:Reading from passive socket...
2022-01-24 18:33:33,632:INFO:Parsing data from list files...
2022-01-24 18:33:33,632:INFO:send CWD daily-live cmd
2022-01-24 18:33:33,650:INFO:send PASV cmd to ftp.ubuntu.com:21
2022-01-24 18:33:33,686:INFO:Connection to the distant ftp server succeed 91.189.88.142:58542 as anonymous
2022-01-24 18:33:33,688:INFO:send LIST cmd to ftp.ubuntu.com:21
2022-01-24 18:33:33,688:INFO:Reading from passive socket...
2022-01-24 18:33:33,722:INFO:Parsing data from list files...
2022-01-24 18:33:33,722:INFO:send CWD .. cmd
2022-01-24 18:33:33,740:INFO:send CWD daily-preinstalled cmd
2022-01-24 18:33:33,758:INFO:send PASV cmd to ftp.ubuntu.com:21
2022-01-24 18:33:33,794:INFO:Connection to the distant ftp server succeed 91.189.88.142:46360 as anonymous
2022-01-24 18:33:33,795:INFO:send LIST cmd to ftp.ubuntu.com:21
2022-01-24 18:33:33,795:INFO:Reading from passive socket...
2022-01-24 18:33:33,832:INFO:Parsing data from list files...
2022-01-24 18:33:33,832:INFO:send CWD .. cmd
2022-01-24 18:33:33,850:INFO:send CWD .. cmd
2022-01-24 18:33:33,868:INFO:send CWD impish cmd
2022-01-24 18:33:33,886:INFO:send PASV cmd to ftp.ubuntu.com:21
2022-01-24 18:33:33,925:INFO:Connection to the distant ftp server succeed 91.189.88.142:45127 as anonymous
2022-01-24 18:33:33,926:INFO:send LIST cmd to ftp.ubuntu.com:21
2022-01-24 18:33:33,926:INFO:Reading from passive socket...
2022-01-24 18:33:33,963:INFO:Parsing data from list files...
2022-01-24 18:33:33,963:INFO:send CWD .. cmd
2022-01-24 18:33:33,982:INFO:send CWD include cmd
2022-01-24 18:33:34,000:INFO:send PASV cmd to ftp.ubuntu.com:21
2022-01-24 18:33:34,036:INFO:Connection to the distant ftp server succeed 91.189.88.142:22604 as anonymous
2022-01-24 18:33:34,037:INFO:send LIST cmd to ftp.ubuntu.com:21
2022-01-24 18:33:34,037:INFO:Reading from passive socket...
2022-01-24 18:33:34,074:INFO:Parsing data from list files...
2022-01-24 18:33:34,074:INFO:send CWD kubuntu cmd
2022-01-24 18:33:34,092:INFO:send PASV cmd to ftp.ubuntu.com:21
2022-01-24 18:33:34,129:INFO:Connection to the distant ftp server succeed 91.189.88.142:34519 as anonymous
2022-01-24 18:33:34,130:INFO:send LIST cmd to ftp.ubuntu.com:21
2022-01-24 18:33:34,131:INFO:Reading from passive socket...
2022-01-24 18:33:34,168:INFO:Parsing data from list files...
2022-01-24 18:33:34,168:INFO:send CWD .. cmd
2022-01-24 18:33:34,186:INFO:send CWD lubuntu cmd
2022-01-24 18:33:34,204:INFO:send PASV cmd to ftp.ubuntu.com:21
2022-01-24 18:33:34,240:INFO:Connection to the distant ftp server succeed 91.189.88.142:45718 as anonymous
2022-01-24 18:33:34,242:INFO:send LIST cmd to ftp.ubuntu.com:21
2022-01-24 18:33:34,242:INFO:Reading from passive socket...
2022-01-24 18:33:34,277:INFO:Parsing data from list files...
2022-01-24 18:33:34,277:INFO:send CWD .. cmd
2022-01-24 18:33:34,296:INFO:send CWD .. cmd
2022-01-24 18:33:34,314:INFO:send CWD kubuntu cmd
2022-01-24 18:33:34,332:INFO:send PASV cmd to ftp.ubuntu.com:21
2022-01-24 18:33:34,368:INFO:Connection to the distant ftp server succeed 91.189.88.142:9830 as anonymous
2022-01-24 18:33:34,369:INFO:send LIST cmd to ftp.ubuntu.com:21
2022-01-24 18:33:34,370:INFO:Reading from passive socket...
2022-01-24 18:33:34,404:INFO:Parsing data from list files...
2022-01-24 18:33:34,404:INFO:send CWD daily-live cmd
2022-01-24 18:33:34,422:INFO:send PASV cmd to ftp.ubuntu.com:21
2022-01-24 18:33:34,457:INFO:Connection to the distant ftp server succeed 91.189.88.142:28192 as anonymous
2022-01-24 18:33:34,459:INFO:send LIST cmd to ftp.ubuntu.com:21
2022-01-24 18:33:34,459:INFO:Reading from passive socket...
2022-01-24 18:33:34,496:INFO:Parsing data from list files...
2022-01-24 18:33:34,496:INFO:send CWD .. cmd
2022-01-24 18:33:34,514:INFO:send CWD focal cmd
2022-01-24 18:33:34,532:INFO:send PASV cmd to ftp.ubuntu.com:21
2022-01-24 18:33:34,568:INFO:Connection to the distant ftp server succeed 91.189.88.142:25673 as anonymous
2022-01-24 18:33:34,570:INFO:send LIST cmd to ftp.ubuntu.com:21
2022-01-24 18:33:34,570:INFO:Reading from passive socket...
2022-01-24 18:33:34,606:INFO:Parsing data from list files...
2022-01-24 18:33:34,606:INFO:send CWD .. cmd
2022-01-24 18:33:34,624:INFO:send CWD .. cmd
2022-01-24 18:33:34,643:INFO:send CWD lubuntu cmd
2022-01-24 18:33:34,661:INFO:send PASV cmd to ftp.ubuntu.com:21
2022-01-24 18:33:34,698:INFO:Connection to the distant ftp server succeed 91.189.88.142:15176 as anonymous
2022-01-24 18:33:34,699:INFO:send LIST cmd to ftp.ubuntu.com:21
2022-01-24 18:33:34,699:INFO:Reading from passive socket...
2022-01-24 18:33:34,738:INFO:Parsing data from list files...
2022-01-24 18:33:34,738:INFO:send CWD daily-live cmd
2022-01-24 18:33:34,756:INFO:send PASV cmd to ftp.ubuntu.com:21
2022-01-24 18:33:34,791:INFO:Connection to the distant ftp server succeed 91.189.88.142:21002 as anonymous
2022-01-24 18:33:34,793:INFO:send LIST cmd to ftp.ubuntu.com:21
2022-01-24 18:33:34,793:INFO:Reading from passive socket...
2022-01-24 18:33:34,828:INFO:Parsing data from list files...
2022-01-24 18:33:34,828:INFO:send CWD .. cmd
2022-01-24 18:33:34,846:INFO:send CWD focal cmd
2022-01-24 18:33:34,864:INFO:send PASV cmd to ftp.ubuntu.com:21
2022-01-24 18:33:34,899:INFO:Connection to the distant ftp server succeed 91.189.88.142:25281 as anonymous
2022-01-24 18:33:34,900:INFO:send LIST cmd to ftp.ubuntu.com:21
2022-01-24 18:33:34,900:INFO:Reading from passive socket...
2022-01-24 18:33:34,936:INFO:Parsing data from list files...
2022-01-24 18:33:34,936:INFO:send CWD .. cmd
2022-01-24 18:33:34,954:INFO:send CWD .. cmd
2022-01-24 18:33:34,972:INFO:send CWD mythbuntu cmd
2022-01-24 18:33:34,991:INFO:send PASV cmd to ftp.ubuntu.com:21
2022-01-24 18:33:35,025:INFO:Connection to the distant ftp server succeed 91.189.88.142:28969 as anonymous
2022-01-24 18:33:35,027:INFO:send LIST cmd to ftp.ubuntu.com:21
2022-01-24 18:33:35,027:INFO:Reading from passive socket...
2022-01-24 18:33:35,062:INFO:Parsing data from list files...
2022-01-24 18:33:35,062:INFO:send CWD daily-live cmd
2022-01-24 18:33:35,080:INFO:send PASV cmd to ftp.ubuntu.com:21
2022-01-24 18:33:35,116:INFO:Connection to the distant ftp server succeed 91.189.88.142:20247 as anonymous
2022-01-24 18:33:35,117:INFO:send LIST cmd to ftp.ubuntu.com:21
2022-01-24 18:33:35,117:INFO:Reading from passive socket...
2022-01-24 18:33:35,152:INFO:send CWD .. cmd
2022-01-24 18:33:35,170:INFO:send CWD .. cmd
2022-01-24 18:33:35,188:INFO:send CWD netboot cmd
2022-01-24 18:33:35,206:INFO:send PASV cmd to ftp.ubuntu.com:21
2022-01-24 18:33:35,244:INFO:Connection to the distant ftp server succeed 91.189.88.142:10631 as anonymous
2022-01-24 18:33:35,245:INFO:send LIST cmd to ftp.ubuntu.com:21
2022-01-24 18:33:35,245:INFO:Reading from passive socket...
2022-01-24 18:33:35,281:INFO:Parsing data from list files...
2022-01-24 18:33:35,281:INFO:send CWD .. cmd
2022-01-24 18:33:35,299:INFO:send CWD releases cmd
2022-01-24 18:33:35,315:INFO:send PASV cmd to ftp.ubuntu.com:21
2022-01-24 18:33:35,351:INFO:Connection to the distant ftp server succeed 91.189.88.142:8173 as anonymous
2022-01-24 18:33:35,352:INFO:send LIST cmd to ftp.ubuntu.com:21
2022-01-24 18:33:35,352:INFO:Reading from passive socket...
2022-01-24 18:33:35,389:INFO:Parsing data from list files...
2022-01-24 18:33:35,389:INFO:send CWD bionic cmd
2022-01-24 18:33:35,407:INFO:send PASV cmd to ftp.ubuntu.com:21
2022-01-24 18:33:35,443:INFO:Connection to the distant ftp server succeed 91.189.88.142:11916 as anonymous
2022-01-24 18:33:35,444:INFO:send LIST cmd to ftp.ubuntu.com:21
2022-01-24 18:33:35,444:INFO:Reading from passive socket...
2022-01-24 18:33:35,480:INFO:Parsing data from list files...
2022-01-24 18:33:35,480:INFO:send CWD .. cmd
2022-01-24 18:33:35,497:INFO:send CWD focal cmd
2022-01-24 18:33:35,515:INFO:send PASV cmd to ftp.ubuntu.com:21
2022-01-24 18:33:35,551:INFO:Connection to the distant ftp server succeed 91.189.88.142:26727 as anonymous
2022-01-24 18:33:35,552:INFO:send LIST cmd to ftp.ubuntu.com:21
2022-01-24 18:33:35,552:INFO:Reading from passive socket...
2022-01-24 18:33:35,591:INFO:Parsing data from list files...
2022-01-24 18:33:35,591:INFO:send CWD .. cmd
2022-01-24 18:33:35,609:INFO:send CWD .. cmd
2022-01-24 18:33:35,628:INFO:send CWD source cmd
2022-01-24 18:33:35,647:INFO:send PASV cmd to ftp.ubuntu.com:21
2022-01-24 18:33:35,682:INFO:Connection to the distant ftp server succeed 91.189.88.142:31814 as anonymous
2022-01-24 18:33:35,683:INFO:send LIST cmd to ftp.ubuntu.com:21
2022-01-24 18:33:35,684:INFO:Reading from passive socket...
2022-01-24 18:33:35,718:INFO:Parsing data from list files...
2022-01-24 18:33:35,718:INFO:send CWD 20211013 cmd
2022-01-24 18:33:35,736:INFO:send PASV cmd to ftp.ubuntu.com:21
2022-01-24 18:33:35,771:INFO:Connection to the distant ftp server succeed 91.189.88.142:15418 as anonymous
2022-01-24 18:33:35,772:INFO:send LIST cmd to ftp.ubuntu.com:21
2022-01-24 18:33:35,773:INFO:Reading from passive socket...
2022-01-24 18:33:35,808:INFO:Parsing data from list files...
2022-01-24 18:33:35,808:INFO:send CWD .. cmd
2022-01-24 18:33:35,825:INFO:send CWD bionic cmd
2022-01-24 18:33:35,843:INFO:send PASV cmd to ftp.ubuntu.com:21
2022-01-24 18:33:35,878:INFO:Connection to the distant ftp server succeed 91.189.88.142:14605 as anonymous
2022-01-24 18:33:35,880:INFO:send LIST cmd to ftp.ubuntu.com:21
2022-01-24 18:33:35,880:INFO:Reading from passive socket...
2022-01-24 18:33:35,915:INFO:Parsing data from list files...
2022-01-24 18:33:35,915:INFO:send CWD .. cmd
2022-01-24 18:33:35,932:INFO:send CWD focal cmd
2022-01-24 18:33:35,949:INFO:send PASV cmd to ftp.ubuntu.com:21
2022-01-24 18:33:35,984:INFO:Connection to the distant ftp server succeed 91.189.88.142:20938 as anonymous
2022-01-24 18:33:35,986:INFO:send LIST cmd to ftp.ubuntu.com:21
2022-01-24 18:33:35,986:INFO:Reading from passive socket...
2022-01-24 18:33:36,021:INFO:Parsing data from list files...
2022-01-24 18:33:36,021:INFO:send CWD .. cmd
2022-01-24 18:33:36,039:INFO:send CWD hirsute cmd
2022-01-24 18:33:36,057:INFO:send PASV cmd to ftp.ubuntu.com:21
2022-01-24 18:33:36,094:INFO:Connection to the distant ftp server succeed 91.189.88.142:23118 as anonymous
2022-01-24 18:33:36,095:INFO:send LIST cmd to ftp.ubuntu.com:21
2022-01-24 18:33:36,096:INFO:Reading from passive socket...
2022-01-24 18:33:36,133:INFO:Parsing data from list files...
2022-01-24 18:33:36,133:INFO:send CWD .. cmd
2022-01-24 18:33:36,150:INFO:send CWD .. cmd
2022-01-24 18:33:36,169:INFO:send CWD .. cmd
2022-01-24 18:33:36,186:INFO:send CWD cloud-images cmd
2022-01-24 18:33:36,204:INFO:send PASV cmd to ftp.ubuntu.com:21
2022-01-24 18:33:36,241:INFO:Connection to the distant ftp server succeed 91.189.88.142:60730 as anonymous
2022-01-24 18:33:36,242:INFO:send LIST cmd to ftp.ubuntu.com:21
2022-01-24 18:33:36,242:INFO:Reading from passive socket...
2022-01-24 18:33:36,278:INFO:Parsing data from list files...
2022-01-24 18:33:36,279:INFO:send CWD bionic cmd
2022-01-24 18:33:36,298:INFO:send PASV cmd to ftp.ubuntu.com:21
2022-01-24 18:33:36,336:INFO:Connection to the distant ftp server succeed 91.189.88.142:33511 as anonymous
2022-01-24 18:33:36,338:INFO:send LIST cmd to ftp.ubuntu.com:21
2022-01-24 18:33:36,338:INFO:Reading from passive socket...
2022-01-24 18:33:36,375:INFO:Parsing data from list files...
2022-01-24 18:33:36,375:INFO:send CWD 20220106 cmd
2022-01-24 18:33:36,394:INFO:send PASV cmd to ftp.ubuntu.com:21
2022-01-24 18:33:36,429:INFO:Connection to the distant ftp server succeed 91.189.88.142:51806 as anonymous
2022-01-24 18:33:36,431:INFO:send LIST cmd to ftp.ubuntu.com:21
2022-01-24 18:33:36,431:INFO:Reading from passive socket...
2022-01-24 18:33:36,468:INFO:Parsing data from list files...
2022-01-24 18:33:36,468:INFO:send CWD .. cmd
2022-01-24 18:33:36,485:INFO:send CWD 20220107 cmd
2022-01-24 18:33:36,503:INFO:send PASV cmd to ftp.ubuntu.com:21
2022-01-24 18:33:36,540:INFO:Connection to the distant ftp server succeed 91.189.88.142:51805 as anonymous
2022-01-24 18:33:36,541:INFO:send LIST cmd to ftp.ubuntu.com:21
2022-01-24 18:33:36,541:INFO:Reading from passive socket...
2022-01-24 18:33:36,581:INFO:Parsing data from list files...
2022-01-24 18:33:36,582:INFO:send CWD .. cmd
2022-01-24 18:33:36,600:INFO:send CWD 20220117 cmd
2022-01-24 18:33:36,619:INFO:send PASV cmd to ftp.ubuntu.com:21
2022-01-24 18:33:36,655:INFO:Connection to the distant ftp server succeed 91.189.88.142:44899 as anonymous
2022-01-24 18:33:36,656:INFO:send LIST cmd to ftp.ubuntu.com:21
2022-01-24 18:33:36,657:INFO:Reading from passive socket...
2022-01-24 18:33:36,694:INFO:Parsing data from list files...
2022-01-24 18:33:36,694:INFO:send CWD .. cmd
2022-01-24 18:33:36,721:INFO:send CWD .. cmd
2022-01-24 18:33:36,739:INFO:send CWD buildd cmd
2022-01-24 18:33:36,756:INFO:send PASV cmd to ftp.ubuntu.com:21
2022-01-24 18:33:36,792:INFO:Connection to the distant ftp server succeed 91.189.88.142:14001 as anonymous
2022-01-24 18:33:36,793:INFO:send LIST cmd to ftp.ubuntu.com:21
2022-01-24 18:33:36,793:INFO:Reading from passive socket...
2022-01-24 18:33:36,829:INFO:Parsing data from list files...
2022-01-24 18:33:36,829:INFO:send CWD daily cmd
2022-01-24 18:33:36,847:INFO:send PASV cmd to ftp.ubuntu.com:21
2022-01-24 18:33:36,884:INFO:Connection to the distant ftp server succeed 91.189.88.142:48295 as anonymous
2022-01-24 18:33:36,885:INFO:send LIST cmd to ftp.ubuntu.com:21
2022-01-24 18:33:36,885:INFO:Reading from passive socket...
2022-01-24 18:33:36,923:INFO:Parsing data from list files...
2022-01-24 18:33:36,923:INFO:send CWD .. cmd
2022-01-24 18:33:36,940:INFO:send CWD .. cmd
2022-01-24 18:33:36,957:INFO:send CWD cdicons cmd
2022-01-24 18:33:36,976:INFO:send PASV cmd to ftp.ubuntu.com:21
2022-01-24 18:33:37,011:INFO:Connection to the distant ftp server succeed 91.189.88.142:44073 as anonymous
2022-01-24 18:33:37,012:INFO:send LIST cmd to ftp.ubuntu.com:21
2022-01-24 18:33:37,012:INFO:Reading from passive socket...
2022-01-24 18:33:37,047:INFO:Parsing data from list files...
2022-01-24 18:33:37,047:INFO:send CWD .. cmd
2022-01-24 18:33:37,065:INFO:send CWD daily cmd
2022-01-24 18:33:37,082:INFO:send PASV cmd to ftp.ubuntu.com:21
2022-01-24 18:33:37,118:INFO:Connection to the distant ftp server succeed 91.189.88.142:57755 as anonymous
2022-01-24 18:33:37,119:INFO:send LIST cmd to ftp.ubuntu.com:21
2022-01-24 18:33:37,120:INFO:Reading from passive socket...
2022-01-24 18:33:37,156:INFO:Parsing data from list files...
2022-01-24 18:33:37,157:INFO:send CWD .. cmd
2022-01-24 18:33:37,174:INFO:send CWD docs cmd
2022-01-24 18:33:37,192:INFO:send PASV cmd to ftp.ubuntu.com:21
2022-01-24 18:33:37,227:INFO:Connection to the distant ftp server succeed 91.189.88.142:54181 as anonymous
2022-01-24 18:33:37,229:INFO:send LIST cmd to ftp.ubuntu.com:21
2022-01-24 18:33:37,229:INFO:Reading from passive socket...
2022-01-24 18:33:37,266:INFO:Parsing data from list files...
2022-01-24 18:33:37,266:INFO:send CWD aws cmd
2022-01-24 18:33:37,284:INFO:send PASV cmd to ftp.ubuntu.com:21
2022-01-24 18:33:37,321:INFO:Connection to the distant ftp server succeed 91.189.88.142:61292 as anonymous
2022-01-24 18:33:37,322:INFO:send LIST cmd to ftp.ubuntu.com:21
2022-01-24 18:33:37,322:INFO:Reading from passive socket...
2022-01-24 18:33:37,358:INFO:Parsing data from list files...
2022-01-24 18:33:37,358:INFO:send CWD .. cmd
2022-01-24 18:33:37,376:INFO:send CWD .. cmd
2022-01-24 18:33:37,393:INFO:send CWD eightprotons cmd
2022-01-24 18:33:37,412:INFO:send PASV cmd to ftp.ubuntu.com:21
2022-01-24 18:33:37,449:INFO:Connection to the distant ftp server succeed 91.189.88.142:28674 as anonymous
2022-01-24 18:33:37,450:INFO:send LIST cmd to ftp.ubuntu.com:21
2022-01-24 18:33:37,450:INFO:Reading from passive socket...
2022-01-24 18:33:37,487:INFO:Parsing data from list files...
2022-01-24 18:33:37,487:INFO:send CWD .. cmd
2022-01-24 18:33:37,505:INFO:send CWD focal cmd
2022-01-24 18:33:37,523:INFO:send PASV cmd to ftp.ubuntu.com:21
2022-01-24 18:33:37,559:INFO:Connection to the distant ftp server succeed 91.189.88.142:38154 as anonymous
2022-01-24 18:33:37,560:INFO:send LIST cmd to ftp.ubuntu.com:21
2022-01-24 18:33:37,560:INFO:Reading from passive socket...
2022-01-24 18:33:37,597:INFO:Parsing data from list files...
2022-01-24 18:33:37,597:INFO:send CWD 20220113 cmd
2022-01-24 18:33:37,616:INFO:send PASV cmd to ftp.ubuntu.com:21
2022-01-24 18:33:37,652:INFO:Connection to the distant ftp server succeed 91.189.88.142:12031 as anonymous
2022-01-24 18:33:37,654:INFO:send LIST cmd to ftp.ubuntu.com:21
2022-01-24 18:33:37,654:INFO:Reading from passive socket...
2022-01-24 18:33:37,694:INFO:Parsing data from list files...
2022-01-24 18:33:37,694:INFO:send CWD .. cmd
2022-01-24 18:33:37,710:INFO:send CWD 20220118 cmd
2022-01-24 18:33:37,729:INFO:send PASV cmd to ftp.ubuntu.com:21
2022-01-24 18:33:37,764:INFO:Connection to the distant ftp server succeed 91.189.88.142:16240 as anonymous
2022-01-24 18:33:37,766:INFO:send LIST cmd to ftp.ubuntu.com:21
2022-01-24 18:33:37,766:INFO:Reading from passive socket...
2022-01-24 18:33:37,803:INFO:Parsing data from list files...
2022-01-24 18:33:37,803:INFO:send CWD .. cmd
2022-01-24 18:33:37,821:INFO:send CWD 20220121 cmd
2022-01-24 18:33:37,840:INFO:send PASV cmd to ftp.ubuntu.com:21
2022-01-24 18:33:37,876:INFO:Connection to the distant ftp server succeed 91.189.88.142:53544 as anonymous
2022-01-24 18:33:37,878:INFO:send LIST cmd to ftp.ubuntu.com:21
2022-01-24 18:33:37,878:INFO:Reading from passive socket...
2022-01-24 18:33:37,915:INFO:Parsing data from list files...
2022-01-24 18:33:37,915:INFO:send CWD .. cmd
2022-01-24 18:33:37,933:INFO:send CWD .. cmd
2022-01-24 18:33:37,950:INFO:send CWD hirsute cmd
2022-01-24 18:33:37,968:INFO:send PASV cmd to ftp.ubuntu.com:21
2022-01-24 18:33:38,004:INFO:Connection to the distant ftp server succeed 91.189.88.142:23871 as anonymous
2022-01-24 18:33:38,005:INFO:send LIST cmd to ftp.ubuntu.com:21
2022-01-24 18:33:38,005:INFO:Reading from passive socket...
2022-01-24 18:33:38,042:INFO:Parsing data from list files...
2022-01-24 18:33:38,042:INFO:send CWD 20220112 cmd
2022-01-24 18:33:38,060:INFO:send PASV cmd to ftp.ubuntu.com:21
2022-01-24 18:33:38,095:INFO:Connection to the distant ftp server succeed 91.189.88.142:57208 as anonymous
2022-01-24 18:33:38,096:INFO:send LIST cmd to ftp.ubuntu.com:21
2022-01-24 18:33:38,097:INFO:Reading from passive socket...
2022-01-24 18:33:38,158:INFO:Parsing data from list files...
2022-01-24 18:33:38,158:INFO:send CWD .. cmd
2022-01-24 18:33:38,177:INFO:send CWD 20220113 cmd
2022-01-24 18:33:38,194:INFO:send PASV cmd to ftp.ubuntu.com:21
2022-01-24 18:33:38,231:INFO:Connection to the distant ftp server succeed 91.189.88.142:38328 as anonymous
2022-01-24 18:33:38,232:INFO:send LIST cmd to ftp.ubuntu.com:21
2022-01-24 18:33:38,232:INFO:Reading from passive socket...
2022-01-24 18:33:38,269:INFO:Parsing data from list files...
2022-01-24 18:33:38,269:INFO:send CWD .. cmd
2022-01-24 18:33:38,289:INFO:send CWD 20220115 cmd
2022-01-24 18:33:38,307:INFO:send PASV cmd to ftp.ubuntu.com:21
2022-01-24 18:33:38,344:INFO:Connection to the distant ftp server succeed 91.189.88.142:41297 as anonymous
2022-01-24 18:33:38,345:INFO:send LIST cmd to ftp.ubuntu.com:21
2022-01-24 18:33:38,345:INFO:Reading from passive socket...
2022-01-24 18:33:38,384:INFO:Parsing data from list files...
2022-01-24 18:33:38,384:INFO:send CWD .. cmd
2022-01-24 18:33:38,402:INFO:send CWD 20220118 cmd
2022-01-24 18:33:38,420:INFO:send PASV cmd to ftp.ubuntu.com:21
2022-01-24 18:33:38,456:INFO:Connection to the distant ftp server succeed 91.189.88.142:47826 as anonymous
2022-01-24 18:33:38,458:INFO:send LIST cmd to ftp.ubuntu.com:21
2022-01-24 18:33:38,458:INFO:Reading from passive socket...
2022-01-24 18:33:38,495:INFO:Parsing data from list files...
2022-01-24 18:33:38,495:INFO:send CWD .. cmd
2022-01-24 18:33:38,513:INFO:send CWD .. cmd
2022-01-24 18:33:38,531:INFO:send CWD impish cmd
2022-01-24 18:33:38,548:INFO:send PASV cmd to ftp.ubuntu.com:21
2022-01-24 18:33:38,587:INFO:Connection to the distant ftp server succeed 91.189.88.142:12565 as anonymous
2022-01-24 18:33:38,589:INFO:send LIST cmd to ftp.ubuntu.com:21
2022-01-24 18:33:38,589:INFO:Reading from passive socket...
2022-01-24 18:33:38,623:INFO:Parsing data from list files...
2022-01-24 18:33:38,623:INFO:send CWD 20220118 cmd
2022-01-24 18:33:38,641:INFO:send PASV cmd to ftp.ubuntu.com:21
2022-01-24 18:33:38,678:INFO:Connection to the distant ftp server succeed 91.189.88.142:42566 as anonymous
2022-01-24 18:33:38,680:INFO:send LIST cmd to ftp.ubuntu.com:21
2022-01-24 18:33:38,680:INFO:Reading from passive socket...
2022-01-24 18:33:38,718:INFO:Parsing data from list files...
2022-01-24 18:33:38,718:INFO:send CWD .. cmd
2022-01-24 18:33:38,737:INFO:send CWD 20220121 cmd
2022-01-24 18:33:38,756:INFO:send PASV cmd to ftp.ubuntu.com:21
2022-01-24 18:33:38,791:INFO:Connection to the distant ftp server succeed 91.189.88.142:50714 as anonymous
2022-01-24 18:33:38,793:INFO:send LIST cmd to ftp.ubuntu.com:21
2022-01-24 18:33:38,793:INFO:Reading from passive socket...
2022-01-24 18:33:38,833:INFO:Parsing data from list files...
2022-01-24 18:33:38,833:INFO:send CWD .. cmd
2022-01-24 18:33:38,852:INFO:send CWD 20220123 cmd
2022-01-24 18:33:38,871:INFO:send PASV cmd to ftp.ubuntu.com:21
2022-01-24 18:33:38,906:INFO:Connection to the distant ftp server succeed 91.189.88.142:35179 as anonymous
2022-01-24 18:33:38,908:INFO:send LIST cmd to ftp.ubuntu.com:21
2022-01-24 18:33:38,908:INFO:Reading from passive socket...
2022-01-24 18:33:38,945:INFO:Parsing data from list files...
2022-01-24 18:33:38,945:INFO:send CWD .. cmd
2022-01-24 18:33:38,964:INFO:send CWD .. cmd
2022-01-24 18:33:38,984:INFO:send CWD include cmd
2022-01-24 18:33:39,002:INFO:send PASV cmd to ftp.ubuntu.com:21
2022-01-24 18:33:39,040:INFO:Connection to the distant ftp server succeed 91.189.88.142:30901 as anonymous
2022-01-24 18:33:39,042:INFO:send LIST cmd to ftp.ubuntu.com:21
2022-01-24 18:33:39,042:INFO:Reading from passive socket...
2022-01-24 18:33:39,078:INFO:Parsing data from list files...
2022-01-24 18:33:39,079:INFO:send CWD .. cmd
2022-01-24 18:33:39,096:INFO:send CWD jammy cmd
2022-01-24 18:33:39,114:INFO:send PASV cmd to ftp.ubuntu.com:21
2022-01-24 18:33:39,149:INFO:Connection to the distant ftp server succeed 91.189.88.142:16127 as anonymous
2022-01-24 18:33:39,151:INFO:send LIST cmd to ftp.ubuntu.com:21
2022-01-24 18:33:39,151:INFO:Reading from passive socket...
2022-01-24 18:33:39,186:INFO:Parsing data from list files...
2022-01-24 18:33:39,187:INFO:send CWD 20220113 cmd
2022-01-24 18:33:39,204:INFO:send PASV cmd to ftp.ubuntu.com:21
2022-01-24 18:33:39,240:INFO:Connection to the distant ftp server succeed 91.189.88.142:15466 as anonymous
2022-01-24 18:33:39,242:INFO:send LIST cmd to ftp.ubuntu.com:21
2022-01-24 18:33:39,243:INFO:Reading from passive socket...
2022-01-24 18:33:39,280:INFO:Parsing data from list files...
2022-01-24 18:33:39,280:INFO:send CWD .. cmd
2022-01-24 18:33:39,298:INFO:send CWD 20220114 cmd
2022-01-24 18:33:39,316:INFO:send PASV cmd to ftp.ubuntu.com:21
2022-01-24 18:33:39,351:INFO:Connection to the distant ftp server succeed 91.189.88.142:9953 as anonymous
2022-01-24 18:33:39,352:INFO:send LIST cmd to ftp.ubuntu.com:21
2022-01-24 18:33:39,352:INFO:Reading from passive socket...
2022-01-24 18:33:39,388:INFO:Parsing data from list files...
2022-01-24 18:33:39,389:INFO:send CWD .. cmd
2022-01-24 18:33:39,406:INFO:send CWD 20220123 cmd
2022-01-24 18:33:39,424:INFO:send PASV cmd to ftp.ubuntu.com:21
2022-01-24 18:33:39,460:INFO:Connection to the distant ftp server succeed 91.189.88.142:14239 as anonymous
2022-01-24 18:33:39,462:INFO:send LIST cmd to ftp.ubuntu.com:21
2022-01-24 18:33:39,462:INFO:Reading from passive socket...
2022-01-24 18:33:39,499:INFO:Parsing data from list files...
2022-01-24 18:33:39,499:INFO:send CWD .. cmd
2022-01-24 18:33:39,518:INFO:send CWD .. cmd
2022-01-24 18:33:39,535:INFO:send CWD .. cmd
2022-01-24 18:33:39,553:INFO:send CWD extras cmd
2022-01-24 18:33:39,571:INFO:send PASV cmd to ftp.ubuntu.com:21
2022-01-24 18:33:39,606:INFO:Connection to the distant ftp server succeed 91.189.88.142:6054 as anonymous
2022-01-24 18:33:39,607:INFO:send LIST cmd to ftp.ubuntu.com:21
2022-01-24 18:33:39,607:INFO:Reading from passive socket...
2022-01-24 18:33:39,644:INFO:Parsing data from list files...
2022-01-24 18:33:39,644:INFO:send CWD meta cmd
2022-01-24 18:33:39,661:INFO:send PASV cmd to ftp.ubuntu.com:21
2022-01-24 18:33:39,698:INFO:Connection to the distant ftp server succeed 91.189.88.142:6172 as anonymous
2022-01-24 18:33:39,700:INFO:send LIST cmd to ftp.ubuntu.com:21
2022-01-24 18:33:39,700:INFO:Reading from passive socket...
2022-01-24 18:33:39,736:INFO:Parsing data from list files...
2022-01-24 18:33:39,736:INFO:send CWD .. cmd
2022-01-24 18:33:39,753:INFO:send CWD staging cmd
2022-01-24 18:33:39,771:INFO:send PASV cmd to ftp.ubuntu.com:21
2022-01-24 18:33:39,808:INFO:Connection to the distant ftp server succeed 91.189.88.142:28932 as anonymous
2022-01-24 18:33:39,809:INFO:send LIST cmd to ftp.ubuntu.com:21
2022-01-24 18:33:39,809:INFO:Reading from passive socket...
2022-01-24 18:33:39,845:INFO:Parsing data from list files...
2022-01-24 18:33:39,846:INFO:send CWD dists cmd
2022-01-24 18:33:39,864:INFO:send PASV cmd to ftp.ubuntu.com:21
2022-01-24 18:33:39,899:INFO:Connection to the distant ftp server succeed 91.189.88.142:34359 as anonymous
2022-01-24 18:33:39,901:INFO:send LIST cmd to ftp.ubuntu.com:21
2022-01-24 18:33:39,901:INFO:Reading from passive socket...
2022-01-24 18:33:39,944:INFO:Parsing data from list files...
2022-01-24 18:33:39,944:INFO:send CWD .. cmd
2022-01-24 18:33:39,962:INFO:send CWD pool cmd
2022-01-24 18:33:39,980:INFO:send PASV cmd to ftp.ubuntu.com:21
2022-01-24 18:33:40,018:INFO:Connection to the distant ftp server succeed 91.189.88.142:19649 as anonymous
2022-01-24 18:33:40,019:INFO:send LIST cmd to ftp.ubuntu.com:21
2022-01-24 18:33:40,019:INFO:Reading from passive socket...
2022-01-24 18:33:40,055:INFO:Parsing data from list files...
2022-01-24 18:33:40,055:INFO:send CWD .. cmd
2022-01-24 18:33:40,073:INFO:send CWD .. cmd
2022-01-24 18:33:40,090:INFO:send CWD .. cmd
2022-01-24 18:33:40,108:INFO:send CWD lxc-images cmd
2022-01-24 18:33:40,126:INFO:send PASV cmd to ftp.ubuntu.com:21
2022-01-24 18:33:40,165:INFO:Connection to the distant ftp server succeed 91.189.88.142:53141 as anonymous
2022-01-24 18:33:40,167:INFO:send LIST cmd to ftp.ubuntu.com:21
2022-01-24 18:33:40,167:INFO:Reading from passive socket...
2022-01-24 18:33:40,203:INFO:Parsing data from list files...
2022-01-24 18:33:40,203:INFO:send CWD images cmd
2022-01-24 18:33:40,225:INFO:send PASV cmd to ftp.ubuntu.com:21
2022-01-24 18:33:40,261:INFO:Connection to the distant ftp server succeed 91.189.88.142:57276 as anonymous
2022-01-24 18:33:40,262:INFO:send LIST cmd to ftp.ubuntu.com:21
2022-01-24 18:33:40,262:INFO:Reading from passive socket...
2022-01-24 18:33:40,299:INFO:Parsing data from list files...
2022-01-24 18:33:40,299:INFO:send CWD almalinux cmd
2022-01-24 18:33:40,317:INFO:send PASV cmd to ftp.ubuntu.com:21
2022-01-24 18:33:40,354:INFO:Connection to the distant ftp server succeed 91.189.88.142:12858 as anonymous
2022-01-24 18:33:40,355:INFO:send LIST cmd to ftp.ubuntu.com:21
2022-01-24 18:33:40,355:INFO:Reading from passive socket...
2022-01-24 18:33:40,390:INFO:Parsing data from list files...
2022-01-24 18:33:40,390:INFO:send CWD .. cmd
2022-01-24 18:33:40,408:INFO:send CWD alpine cmd
2022-01-24 18:33:40,428:INFO:send PASV cmd to ftp.ubuntu.com:21
2022-01-24 18:33:40,469:INFO:Connection to the distant ftp server succeed 91.189.88.142:17201 as anonymous
2022-01-24 18:33:40,470:INFO:send LIST cmd to ftp.ubuntu.com:21
2022-01-24 18:33:40,470:INFO:Reading from passive socket...
2022-01-24 18:33:40,507:INFO:Parsing data from list files...
2022-01-24 18:33:40,507:INFO:send CWD .. cmd
2022-01-24 18:33:40,525:INFO:send CWD alt cmd
2022-01-24 18:33:40,542:INFO:send PASV cmd to ftp.ubuntu.com:21
2022-01-24 18:33:40,580:INFO:Connection to the distant ftp server succeed 91.189.88.142:56390 as anonymous
2022-01-24 18:33:40,582:INFO:send LIST cmd to ftp.ubuntu.com:21
2022-01-24 18:33:40,582:INFO:Reading from passive socket...
2022-01-24 18:33:40,619:INFO:Parsing data from list files...
2022-01-24 18:33:40,620:INFO:send CWD .. cmd
2022-01-24 18:33:40,637:INFO:send CWD amazonlinux cmd
2022-01-24 18:33:40,655:INFO:send PASV cmd to ftp.ubuntu.com:21
2022-01-24 18:33:40,690:INFO:Connection to the distant ftp server succeed 91.189.88.142:12587 as anonymous
2022-01-24 18:33:40,691:INFO:send LIST cmd to ftp.ubuntu.com:21
2022-01-24 18:33:40,692:INFO:Reading from passive socket...
2022-01-24 18:33:40,727:INFO:Parsing data from list files...
2022-01-24 18:33:40,727:INFO:send CWD .. cmd
2022-01-24 18:33:40,744:INFO:send CWD apertis cmd
2022-01-24 18:33:40,762:INFO:send PASV cmd to ftp.ubuntu.com:21
2022-01-24 18:33:40,798:INFO:Connection to the distant ftp server succeed 91.189.88.142:56427 as anonymous
2022-01-24 18:33:40,799:INFO:send LIST cmd to ftp.ubuntu.com:21
2022-01-24 18:33:40,800:INFO:Reading from passive socket...
2022-01-24 18:33:40,835:INFO:Parsing data from list files...
2022-01-24 18:33:40,835:INFO:send CWD .. cmd
2022-01-24 18:33:40,853:INFO:send CWD archlinux cmd
2022-01-24 18:33:40,872:INFO:send PASV cmd to ftp.ubuntu.com:21
2022-01-24 18:33:40,909:INFO:Connection to the distant ftp server succeed 91.189.88.142:19489 as anonymous
2022-01-24 18:33:40,910:INFO:send LIST cmd to ftp.ubuntu.com:21
2022-01-24 18:33:40,910:INFO:Reading from passive socket...
2022-01-24 18:33:40,948:INFO:Parsing data from list files...
2022-01-24 18:33:40,948:INFO:send CWD .. cmd
2022-01-24 18:33:40,966:INFO:send CWD busybox cmd
2022-01-24 18:33:40,984:INFO:send PASV cmd to ftp.ubuntu.com:21
2022-01-24 18:33:41,020:INFO:Connection to the distant ftp server succeed 91.189.88.142:64612 as anonymous
2022-01-24 18:33:41,021:INFO:send LIST cmd to ftp.ubuntu.com:21
2022-01-24 18:33:41,021:INFO:Reading from passive socket...
2022-01-24 18:33:41,056:INFO:Parsing data from list files...
2022-01-24 18:33:41,056:INFO:send CWD .. cmd
2022-01-24 18:33:41,075:INFO:send CWD centos cmd
2022-01-24 18:33:41,092:INFO:send PASV cmd to ftp.ubuntu.com:21
2022-01-24 18:33:41,130:INFO:Connection to the distant ftp server succeed 91.189.88.142:10954 as anonymous
2022-01-24 18:33:41,132:INFO:send LIST cmd to ftp.ubuntu.com:21
2022-01-24 18:33:41,132:INFO:Reading from passive socket...
2022-01-24 18:33:41,170:INFO:Parsing data from list files...
2022-01-24 18:33:41,170:INFO:send CWD .. cmd
2022-01-24 18:33:41,187:INFO:send CWD debian cmd
2022-01-24 18:33:41,204:INFO:send PASV cmd to ftp.ubuntu.com:21
2022-01-24 18:33:41,242:INFO:Connection to the distant ftp server succeed 91.189.88.142:7424 as anonymous
2022-01-24 18:33:41,243:INFO:send LIST cmd to ftp.ubuntu.com:21
2022-01-24 18:33:41,243:INFO:Reading from passive socket...
2022-01-24 18:33:41,278:INFO:Parsing data from list files...
2022-01-24 18:33:41,279:INFO:send CWD .. cmd
2022-01-24 18:33:41,297:INFO:send CWD devuan cmd
2022-01-24 18:33:41,317:INFO:send PASV cmd to ftp.ubuntu.com:21
2022-01-24 18:33:41,354:INFO:Connection to the distant ftp server succeed 91.189.88.142:14170 as anonymous
2022-01-24 18:33:41,355:INFO:send LIST cmd to ftp.ubuntu.com:21
2022-01-24 18:33:41,356:INFO:Reading from passive socket...
2022-01-24 18:33:41,393:INFO:Parsing data from list files...
2022-01-24 18:33:41,393:INFO:send CWD .. cmd
2022-01-24 18:33:41,412:INFO:send CWD fedora cmd
2022-01-24 18:33:41,430:INFO:send PASV cmd to ftp.ubuntu.com:21
2022-01-24 18:33:41,465:INFO:Connection to the distant ftp server succeed 91.189.88.142:6659 as anonymous
2022-01-24 18:33:41,467:INFO:send LIST cmd to ftp.ubuntu.com:21
2022-01-24 18:33:41,467:INFO:Reading from passive socket...
2022-01-24 18:33:41,502:INFO:Parsing data from list files...
2022-01-24 18:33:41,502:INFO:send CWD .. cmd
2022-01-24 18:33:41,521:INFO:send CWD funtoo cmd
2022-01-24 18:33:41,538:INFO:send PASV cmd to ftp.ubuntu.com:21
2022-01-24 18:33:41,573:INFO:Connection to the distant ftp server succeed 91.189.88.142:22995 as anonymous
2022-01-24 18:33:41,575:INFO:send LIST cmd to ftp.ubuntu.com:21
2022-01-24 18:33:41,575:INFO:Reading from passive socket...
2022-01-24 18:33:41,619:INFO:Parsing data from list files...
2022-01-24 18:33:41,619:INFO:send CWD .. cmd
2022-01-24 18:33:41,637:INFO:send CWD gentoo cmd
2022-01-24 18:33:41,654:INFO:send PASV cmd to ftp.ubuntu.com:21
2022-01-24 18:33:41,691:INFO:Connection to the distant ftp server succeed 91.189.88.142:59797 as anonymous
2022-01-24 18:33:41,692:INFO:send LIST cmd to ftp.ubuntu.com:21
2022-01-24 18:33:41,692:INFO:Reading from passive socket...
2022-01-24 18:33:41,728:INFO:Parsing data from list files...
2022-01-24 18:33:41,729:INFO:send CWD .. cmd
2022-01-24 18:33:41,748:INFO:send CWD kali cmd
2022-01-24 18:33:41,765:INFO:send PASV cmd to ftp.ubuntu.com:21
2022-01-24 18:33:41,801:INFO:Connection to the distant ftp server succeed 91.189.88.142:61443 as anonymous
2022-01-24 18:33:41,803:INFO:send LIST cmd to ftp.ubuntu.com:21
2022-01-24 18:33:41,803:INFO:Reading from passive socket...
2022-01-24 18:33:41,838:INFO:Parsing data from list files...
2022-01-24 18:33:41,838:INFO:send CWD .. cmd
2022-01-24 18:33:41,856:INFO:send CWD .. cmd
2022-01-24 18:33:41,881:INFO:send CWD .. cmd
2022-01-24 18:33:41,899:INFO:send CWD maas-images cmd
2022-01-24 18:33:41,915:INFO:send PASV cmd to ftp.ubuntu.com:21
2022-01-24 18:33:41,951:INFO:Connection to the distant ftp server succeed 91.189.88.142:22656 as anonymous
2022-01-24 18:33:41,952:INFO:send LIST cmd to ftp.ubuntu.com:21
2022-01-24 18:33:41,952:INFO:Reading from passive socket...
2022-01-24 18:33:41,988:INFO:Parsing data from list files...
2022-01-24 18:33:41,988:INFO:send CWD ephemeral cmd
2022-01-24 18:33:42,006:INFO:send PASV cmd to ftp.ubuntu.com:21
2022-01-24 18:33:42,043:INFO:Connection to the distant ftp server succeed 91.189.88.142:58851 as anonymous
2022-01-24 18:33:42,044:INFO:send LIST cmd to ftp.ubuntu.com:21
2022-01-24 18:33:42,044:INFO:Reading from passive socket...
2022-01-24 18:33:42,081:INFO:Parsing data from list files...
2022-01-24 18:33:42,081:INFO:send CWD daily cmd
2022-01-24 18:33:42,099:INFO:send PASV cmd to ftp.ubuntu.com:21
2022-01-24 18:33:42,135:INFO:Connection to the distant ftp server succeed 91.189.88.142:43529 as anonymous
2022-01-24 18:33:42,136:INFO:send LIST cmd to ftp.ubuntu.com:21
2022-01-24 18:33:42,136:INFO:Reading from passive socket...
2022-01-24 18:33:42,174:INFO:Parsing data from list files...
2022-01-24 18:33:42,174:INFO:send CWD .. cmd
2022-01-24 18:33:42,192:INFO:send CWD .. cmd
2022-01-24 18:33:42,210:INFO:send CWD ephemeral-v2 cmd
2022-01-24 18:33:42,227:INFO:send PASV cmd to ftp.ubuntu.com:21
2022-01-24 18:33:42,262:INFO:Connection to the distant ftp server succeed 91.189.88.142:21001 as anonymous
2022-01-24 18:33:42,264:INFO:send LIST cmd to ftp.ubuntu.com:21
2022-01-24 18:33:42,264:INFO:Reading from passive socket...
2022-01-24 18:33:42,298:INFO:Parsing data from list files...
2022-01-24 18:33:42,298:INFO:send CWD daily cmd
2022-01-24 18:33:42,316:INFO:send PASV cmd to ftp.ubuntu.com:21
2022-01-24 18:33:42,352:INFO:Connection to the distant ftp server succeed 91.189.88.142:43561 as anonymous
2022-01-24 18:33:42,353:INFO:send LIST cmd to ftp.ubuntu.com:21
2022-01-24 18:33:42,353:INFO:Reading from passive socket...
2022-01-24 18:33:42,389:INFO:Parsing data from list files...
2022-01-24 18:33:42,389:INFO:send CWD .. cmd
2022-01-24 18:33:42,407:INFO:send CWD release cmd
2022-01-24 18:33:42,425:INFO:send PASV cmd to ftp.ubuntu.com:21
2022-01-24 18:33:42,461:INFO:Connection to the distant ftp server succeed 91.189.88.142:51264 as anonymous
2022-01-24 18:33:42,462:INFO:send LIST cmd to ftp.ubuntu.com:21
2022-01-24 18:33:42,462:INFO:Reading from passive socket...
2022-01-24 18:33:42,498:INFO:Parsing data from list files...
2022-01-24 18:33:42,498:INFO:send CWD .. cmd
2022-01-24 18:33:42,515:INFO:send CWD .. cmd
2022-01-24 18:33:42,532:INFO:send CWD ephemeral-v3 cmd
2022-01-24 18:33:42,550:INFO:send PASV cmd to ftp.ubuntu.com:21
2022-01-24 18:33:42,586:INFO:Connection to the distant ftp server succeed 91.189.88.142:41617 as anonymous
2022-01-24 18:33:42,587:INFO:send LIST cmd to ftp.ubuntu.com:21
2022-01-24 18:33:42,587:INFO:Reading from passive socket...
2022-01-24 18:33:42,624:INFO:Parsing data from list files...
2022-01-24 18:33:42,624:INFO:send CWD candidate cmd
2022-01-24 18:33:42,644:INFO:send PASV cmd to ftp.ubuntu.com:21
2022-01-24 18:33:42,679:INFO:Connection to the distant ftp server succeed 91.189.88.142:41966 as anonymous
2022-01-24 18:33:42,680:INFO:send LIST cmd to ftp.ubuntu.com:21
2022-01-24 18:33:42,681:INFO:Reading from passive socket...
2022-01-24 18:33:42,719:INFO:Parsing data from list files...
2022-01-24 18:33:42,719:INFO:send CWD .. cmd
2022-01-24 18:33:42,738:INFO:send CWD daily cmd
2022-01-24 18:33:42,755:INFO:send PASV cmd to ftp.ubuntu.com:21
2022-01-24 18:33:42,792:INFO:Connection to the distant ftp server succeed 91.189.88.142:50630 as anonymous
2022-01-24 18:33:42,793:INFO:send LIST cmd to ftp.ubuntu.com:21
2022-01-24 18:33:42,793:INFO:Reading from passive socket...
2022-01-24 18:33:42,867:INFO:Parsing data from list files...
2022-01-24 18:33:42,867:INFO:send CWD .. cmd
2022-01-24 18:33:42,885:INFO:send CWD .. cmd
2022-01-24 18:33:42,912:INFO:send CWD query cmd
2022-01-24 18:33:42,930:INFO:send PASV cmd to ftp.ubuntu.com:21
2022-01-24 18:33:42,966:INFO:Connection to the distant ftp server succeed 91.189.88.142:18734 as anonymous
2022-01-24 18:33:42,967:INFO:send LIST cmd to ftp.ubuntu.com:21
2022-01-24 18:33:42,967:INFO:Reading from passive socket...
2022-01-24 18:33:43,004:INFO:Parsing data from list files...
2022-01-24 18:33:43,004:INFO:send CWD precise cmd
2022-01-24 18:33:43,021:INFO:send PASV cmd to ftp.ubuntu.com:21
2022-01-24 18:33:43,056:INFO:Connection to the distant ftp server succeed 91.189.88.142:21368 as anonymous
2022-01-24 18:33:43,058:INFO:send LIST cmd to ftp.ubuntu.com:21
2022-01-24 18:33:43,058:INFO:Reading from passive socket...
2022-01-24 18:33:43,093:INFO:Parsing data from list files...
2022-01-24 18:33:43,094:INFO:send CWD .. cmd
2022-01-24 18:33:43,111:INFO:send CWD quantal cmd
2022-01-24 18:33:43,129:INFO:send PASV cmd to ftp.ubuntu.com:21
2022-01-24 18:33:43,165:INFO:Connection to the distant ftp server succeed 91.189.88.142:62182 as anonymous
2022-01-24 18:33:43,166:INFO:send LIST cmd to ftp.ubuntu.com:21
2022-01-24 18:33:43,166:INFO:Reading from passive socket...
2022-01-24 18:33:43,202:INFO:Parsing data from list files...
2022-01-24 18:33:43,202:INFO:send CWD .. cmd
2022-01-24 18:33:43,228:INFO:send CWD raring cmd
2022-01-24 18:33:43,246:INFO:send PASV cmd to ftp.ubuntu.com:21
2022-01-24 18:33:43,284:INFO:Connection to the distant ftp server succeed 91.189.88.142:49220 as anonymous
2022-01-24 18:33:43,285:INFO:send LIST cmd to ftp.ubuntu.com:21
2022-01-24 18:33:43,285:INFO:Reading from passive socket...
2022-01-24 18:33:43,321:INFO:Parsing data from list files...
2022-01-24 18:33:43,321:INFO:send CWD .. cmd
2022-01-24 18:33:43,339:INFO:send CWD saucy cmd
2022-01-24 18:33:43,357:INFO:send PASV cmd to ftp.ubuntu.com:21
2022-01-24 18:33:43,393:INFO:Connection to the distant ftp server succeed 91.189.88.142:56106 as anonymous
2022-01-24 18:33:43,394:INFO:send LIST cmd to ftp.ubuntu.com:21
2022-01-24 18:33:43,394:INFO:Reading from passive socket...
2022-01-24 18:33:43,438:INFO:Parsing data from list files...
2022-01-24 18:33:43,438:INFO:send CWD .. cmd
2022-01-24 18:33:43,457:INFO:send CWD .. cmd
2022-01-24 18:33:43,476:INFO:send CWD .. cmd
2022-01-24 18:33:43,495:INFO:send CWD old-images cmd
2022-01-24 18:33:43,513:INFO:send PASV cmd to ftp.ubuntu.com:21
2022-01-24 18:33:43,551:INFO:Connection to the distant ftp server succeed 91.189.88.142:55749 as anonymous
2022-01-24 18:33:43,553:INFO:send LIST cmd to ftp.ubuntu.com:21
2022-01-24 18:33:43,553:INFO:Reading from passive socket...
2022-01-24 18:33:43,588:INFO:Parsing data from list files...
2022-01-24 18:33:43,589:INFO:send CWD releases cmd
2022-01-24 18:33:43,608:INFO:send PASV cmd to ftp.ubuntu.com:21
2022-01-24 18:33:43,646:INFO:Connection to the distant ftp server succeed 91.189.88.142:24726 as anonymous
2022-01-24 18:33:43,647:INFO:send LIST cmd to ftp.ubuntu.com:21
2022-01-24 18:33:43,648:INFO:Reading from passive socket...
2022-01-24 18:33:43,686:INFO:Parsing data from list files...
2022-01-24 18:33:43,687:INFO:send CWD .. cmd
2022-01-24 18:33:43,704:INFO:send CWD .. cmd
2022-01-24 18:33:43,723:INFO:send CWD releases cmd
2022-01-24 18:33:43,741:INFO:send PASV cmd to ftp.ubuntu.com:21
2022-01-24 18:33:43,781:INFO:Connection to the distant ftp server succeed 91.189.88.142:33155 as anonymous
2022-01-24 18:33:43,782:INFO:send LIST cmd to ftp.ubuntu.com:21
2022-01-24 18:33:43,783:INFO:Reading from passive socket...
2022-01-24 18:33:43,821:INFO:Parsing data from list files...
2022-01-24 18:33:43,821:INFO:send CWD bionic cmd
2022-01-24 18:33:43,840:INFO:send PASV cmd to ftp.ubuntu.com:21
2022-01-24 18:33:43,876:INFO:Connection to the distant ftp server succeed 91.189.88.142:54290 as anonymous
2022-01-24 18:33:43,878:INFO:send LIST cmd to ftp.ubuntu.com:21
2022-01-24 18:33:43,878:INFO:Reading from passive socket...
2022-01-24 18:33:43,913:INFO:Parsing data from list files...
2022-01-24 18:33:43,913:INFO:send CWD .. cmd
2022-01-24 18:33:43,940:INFO:send CWD .. cmd
2022-01-24 18:33:43,958:INFO:send CWD simple-streams cmd
2022-01-24 18:33:43,975:INFO:send PASV cmd to ftp.ubuntu.com:21
2022-01-24 18:33:44,012:INFO:Connection to the distant ftp server succeed 91.189.88.142:57161 as anonymous
2022-01-24 18:33:44,013:INFO:send LIST cmd to ftp.ubuntu.com:21
2022-01-24 18:33:44,013:INFO:Reading from passive socket...
2022-01-24 18:33:44,048:INFO:Parsing data from list files...
2022-01-24 18:33:44,048:INFO:send CWD clouds cmd
2022-01-24 18:33:44,066:INFO:send PASV cmd to ftp.ubuntu.com:21
2022-01-24 18:33:44,101:INFO:Connection to the distant ftp server succeed 91.189.88.142:57626 as anonymous
2022-01-24 18:33:44,106:INFO:send LIST cmd to ftp.ubuntu.com:21
2022-01-24 18:33:44,106:INFO:Reading from passive socket...
2022-01-24 18:33:44,141:INFO:Parsing data from list files...
2022-01-24 18:33:44,141:INFO:send CWD daily cmd
2022-01-24 18:33:44,159:INFO:send PASV cmd to ftp.ubuntu.com:21
2022-01-24 18:33:44,196:INFO:Connection to the distant ftp server succeed 91.189.88.142:49696 as anonymous
2022-01-24 18:33:44,197:INFO:send LIST cmd to ftp.ubuntu.com:21
2022-01-24 18:33:44,198:INFO:Reading from passive socket...
2022-01-24 18:33:44,237:INFO:Parsing data from list files...
2022-01-24 18:33:44,237:INFO:send CWD .. cmd
2022-01-24 18:33:44,255:INFO:send CWD .. cmd
2022-01-24 18:33:44,273:INFO:send CWD images cmd
2022-01-24 18:33:44,291:INFO:send PASV cmd to ftp.ubuntu.com:21
2022-01-24 18:33:44,326:INFO:Connection to the distant ftp server succeed 91.189.88.142:28411 as anonymous
2022-01-24 18:33:44,327:INFO:send LIST cmd to ftp.ubuntu.com:21
2022-01-24 18:33:44,327:INFO:Reading from passive socket...
2022-01-24 18:33:44,362:INFO:Parsing data from list files...
2022-01-24 18:33:44,362:INFO:send CWD daily cmd
2022-01-24 18:33:44,380:INFO:send PASV cmd to ftp.ubuntu.com:21
2022-01-24 18:33:44,415:INFO:Connection to the distant ftp server succeed 91.189.88.142:21080 as anonymous
2022-01-24 18:33:44,417:INFO:send LIST cmd to ftp.ubuntu.com:21
2022-01-24 18:33:44,417:INFO:Reading from passive socket...
2022-01-24 18:33:44,452:INFO:send CWD .. cmd
2022-01-24 18:33:44,469:INFO:send CWD .. cmd
2022-01-24 18:33:44,488:INFO:send CWD .. cmd
2022-01-24 18:33:44,505:INFO:send CWD ubuntu cmd
2022-01-24 18:33:44,523:INFO:send PASV cmd to ftp.ubuntu.com:21
2022-01-24 18:33:44,560:INFO:Connection to the distant ftp server succeed 91.189.88.142:47341 as anonymous
2022-01-24 18:33:44,561:INFO:send LIST cmd to ftp.ubuntu.com:21
2022-01-24 18:33:44,561:INFO:Reading from passive socket...
2022-01-24 18:33:44,597:INFO:Parsing data from list files...
2022-01-24 18:33:44,597:INFO:send CWD dists cmd
2022-01-24 18:33:44,615:INFO:send PASV cmd to ftp.ubuntu.com:21
2022-01-24 18:33:44,651:INFO:Connection to the distant ftp server succeed 91.189.88.142:10900 as anonymous
2022-01-24 18:33:44,652:INFO:send LIST cmd to ftp.ubuntu.com:21
2022-01-24 18:33:44,653:INFO:Reading from passive socket...
2022-01-24 18:33:44,689:INFO:Parsing data from list files...
2022-01-24 18:33:44,689:INFO:send CWD bionic cmd
2022-01-24 18:33:44,707:INFO:send PASV cmd to ftp.ubuntu.com:21
2022-01-24 18:33:44,742:INFO:Connection to the distant ftp server succeed 91.189.88.142:32160 as anonymous
2022-01-24 18:33:44,743:INFO:send LIST cmd to ftp.ubuntu.com:21
2022-01-24 18:33:44,743:INFO:Reading from passive socket...
2022-01-24 18:33:44,780:INFO:Parsing data from list files...
2022-01-24 18:33:44,780:INFO:send CWD .. cmd
2022-01-24 18:33:44,798:INFO:send CWD bionic-backports cmd
2022-01-24 18:33:44,816:INFO:send PASV cmd to ftp.ubuntu.com:21
2022-01-24 18:33:44,851:INFO:Connection to the distant ftp server succeed 91.189.88.142:18458 as anonymous
2022-01-24 18:33:44,852:INFO:send LIST cmd to ftp.ubuntu.com:21
2022-01-24 18:33:44,852:INFO:Reading from passive socket...
2022-01-24 18:33:44,888:INFO:Parsing data from list files...
2022-01-24 18:33:44,888:INFO:send CWD .. cmd
2022-01-24 18:33:44,906:INFO:send CWD bionic-proposed cmd
2022-01-24 18:33:44,924:INFO:send PASV cmd to ftp.ubuntu.com:21
2022-01-24 18:33:44,960:INFO:Connection to the distant ftp server succeed 91.189.88.142:13501 as anonymous
2022-01-24 18:33:44,961:INFO:send LIST cmd to ftp.ubuntu.com:21
2022-01-24 18:33:44,962:INFO:Reading from passive socket...
2022-01-24 18:33:44,998:INFO:Parsing data from list files...
2022-01-24 18:33:44,998:INFO:send CWD .. cmd
2022-01-24 18:33:45,015:INFO:send CWD bionic-security cmd
2022-01-24 18:33:45,033:INFO:send PASV cmd to ftp.ubuntu.com:21
2022-01-24 18:33:45,069:INFO:Connection to the distant ftp server succeed 91.189.88.142:33311 as anonymous
2022-01-24 18:33:45,070:INFO:send LIST cmd to ftp.ubuntu.com:21
2022-01-24 18:33:45,070:INFO:Reading from passive socket...
2022-01-24 18:33:45,105:INFO:Parsing data from list files...
2022-01-24 18:33:45,105:INFO:send CWD .. cmd
2022-01-24 18:33:45,123:INFO:send CWD bionic-updates cmd
2022-01-24 18:33:45,141:INFO:send PASV cmd to ftp.ubuntu.com:21
2022-01-24 18:33:45,178:INFO:Connection to the distant ftp server succeed 91.189.88.142:27672 as anonymous
2022-01-24 18:33:45,179:INFO:send LIST cmd to ftp.ubuntu.com:21
2022-01-24 18:33:45,179:INFO:Reading from passive socket...
2022-01-24 18:33:45,214:INFO:Parsing data from list files...
2022-01-24 18:33:45,215:INFO:send CWD .. cmd
2022-01-24 18:33:45,231:INFO:send CWD focal cmd
2022-01-24 18:33:45,249:INFO:send PASV cmd to ftp.ubuntu.com:21
2022-01-24 18:33:45,286:INFO:Connection to the distant ftp server succeed 91.189.88.142:39356 as anonymous
2022-01-24 18:33:45,287:INFO:send LIST cmd to ftp.ubuntu.com:21
2022-01-24 18:33:45,288:INFO:Reading from passive socket...
2022-01-24 18:33:45,324:INFO:Parsing data from list files...
2022-01-24 18:33:45,324:INFO:send CWD .. cmd
2022-01-24 18:33:45,342:INFO:send CWD focal-backports cmd
2022-01-24 18:33:45,359:INFO:send PASV cmd to ftp.ubuntu.com:21
2022-01-24 18:33:45,394:INFO:Connection to the distant ftp server succeed 91.189.88.142:53493 as anonymous
2022-01-24 18:33:45,396:INFO:send LIST cmd to ftp.ubuntu.com:21
2022-01-24 18:33:45,396:INFO:Reading from passive socket...
2022-01-24 18:33:45,432:INFO:Parsing data from list files...
2022-01-24 18:33:45,432:INFO:send CWD .. cmd
2022-01-24 18:33:45,450:INFO:send CWD .. cmd
2022-01-24 18:33:45,468:INFO:send CWD indices cmd
2022-01-24 18:33:45,485:INFO:send PASV cmd to ftp.ubuntu.com:21
2022-01-24 18:33:45,520:INFO:Connection to the distant ftp server succeed 91.189.88.142:14921 as anonymous
2022-01-24 18:33:45,521:INFO:send LIST cmd to ftp.ubuntu.com:21
2022-01-24 18:33:45,521:INFO:Reading from passive socket...
2022-01-24 18:33:50,564:ERROR:failed LIST_FILES:LIST !!!
2022-01-24 18:33:50,564:INFO:send CWD .. cmd
2022-01-24 18:33:55,564:ERROR:faield CWD ..!!
2022-01-24 18:33:55,564:INFO:send CWD pool cmd
2022-01-24 18:34:00,564:ERROR:faield CWD pool!!
2022-01-24 18:34:00,564:INFO:send PASV cmd to ftp.ubuntu.com:21
2022-01-24 18:34:05,564:ERROR:failled CONNECT:PASV !!!
2022-01-24 18:34:05,564:INFO:send LIST cmd to ftp.ubuntu.com:21
2022-01-24 18:34:05,564:INFO:Reading from passive socket...
2022-01-24 18:34:10,566:ERROR:failed LIST_FILES:LIST !!!
2022-01-24 18:34:10,566:INFO:send CWD .. cmd
2022-01-24 18:34:15,566:ERROR:faield CWD ..!!
2022-01-24 18:34:15,566:INFO:send CWD project cmd
2022-01-24 18:34:20,566:ERROR:faield CWD project!!
2022-01-24 18:34:20,566:INFO:send PASV cmd to ftp.ubuntu.com:21
2022-01-24 18:34:25,566:ERROR:failled CONNECT:PASV !!!
2022-01-24 18:34:25,566:INFO:send LIST cmd to ftp.ubuntu.com:21
2022-01-24 18:34:25,566:INFO:Reading from passive socket...
2022-01-24 18:34:30,568:ERROR:failed LIST_FILES:LIST !!!
2022-01-24 18:34:30,568:INFO:send CWD .. cmd
2022-01-24 18:34:35,568:ERROR:faield CWD ..!!
2022-01-24 18:34:35,568:INFO:send CWD .. cmd
2022-01-24 18:34:40,568:ERROR:faield CWD ..!!
2022-01-24 18:34:40,568:INFO:send CWD ubuntu-cloud-archive cmd
2022-01-24 18:34:45,568:ERROR:faield CWD ubuntu-cloud-archive!!
2022-01-24 18:34:45,568:INFO:send PASV cmd to ftp.ubuntu.com:21
2022-01-24 18:34:50,568:ERROR:failled CONNECT:PASV !!!
2022-01-24 18:34:50,568:INFO:send LIST cmd to ftp.ubuntu.com:21
2022-01-24 18:34:50,568:INFO:Reading from passive socket...
2022-01-24 18:34:55,570:ERROR:failed LIST_FILES:LIST !!!
2022-01-24 18:34:55,570:INFO:send CWD .. cmd
2022-01-24 18:35:00,570:ERROR:faield CWD ..!!
